// Jest Snapshot v1, https://goo.gl/fbAQLP

exports[`rendering card components it should match with the snapshot 1`] = `
<div
  className="rounded-md overflow-hidden shadow-lg bg-WhiteDark dark:bg-DarkBlue h-96 w-80 cursor-pointer
                xl:mb-20 lg:mb-20 md:mb-20 sm:mb-10 xl:mb-10"
>
  <img
    className="object-cover w-full h-44"
    src="https://cdn.dribbble.com/users/1111447/screenshots/7697273/rent_a_car_logo.png"
  />
  <div
    className="flex flex-col items-start justify-start h-full p-8"
  >
    <p
      className="text-orange-600 text-lg pb-4 font-bold"
    >
       
      FORD Fiesta
    </p>
    <div
      className="flex flex-col items-start justify-end"
    >
      <p
        className="text-base"
      >
        <span
          className="font-normal"
        >
          enginePowerPS: 
        </span>
         
        60
      </p>
      <p
        className="text-base"
      >
        <span
          className="font-normal"
        >
          enginePowerKW: 
        </span>
         
        44
      </p>
      <p
        className="text-base"
      >
        <span
          className="font-normal"
        >
          fuelType: 
        </span>
         
        Benzin
      </p>
      <p
        className="text-base"
      >
        <span
          className="font-normal"
        >
          bodyType: 
        </span>
         
        Limousine
      </p>
      <p
        className="text-base"
      >
        <span
          className="font-normal"
        >
          engineCapacity: 
        </span>
         
        1299
      </p>
    </div>
  </div>
</div>
`;
