// Jest Snapshot v1, https://goo.gl/fbAQLP

exports[`rendering filter components it should match with the snapshot 1`] = `
<div
  className="flex 
                    xl:flex-row lg:flex-row  md:flex-row sm:flex-col xs:flex-col 
                    justify-between 
                    xl:px-20 lg:px-20 md:px-20 sm:px-3 xs:px-3
                    xl:pt-8 lg:pt-8 md:pt-8 sm:pt-5 xs:pt-5
                    xl:h-20 lg:h-20 md:h-20 sm:h-full xs:h-full"
>
  <div
    className="xl:w-1/6 lg:w-1/6 md:w-1/6 sm:w-2/3 xs:w-2/3 
      xl:h-full lg:h-full md:h-full sm:h-12 xs:h-12
      xl:my-0 lg:my-0 md:my-0 sm:my-10 xs:my-10"
  >
    <button
      className="flex items-center justify-between border-none shadow rounded-md w-full h-full text-sm px-6 bg-WhiteDark dark:bg-DarkBlue "
      data-testid="toggle-make-list"
      onClick={[Function]}
    >
      Select a Make
      <svg
        className="h-5 w-5"
        fill="currentColor"
        viewBox="0 0 20 20"
        xmlns="http://www.w3.org/2000/svg"
      >
        <path
          clipRule="evenodd"
          d="M5.293 7.293a1 1 0 011.414 0L10 10.586l3.293-3.293a1 1 0 111.414 1.414l-4 4a1 1 0 01-1.414 0l-4-4a1 1 0 010-1.414z"
          fillRule="evenodd"
        />
      </svg>
    </button>
  </div>
  <div
    className="flex items-center 
      xl:w-2/6 lg:w-2/6 md:w-2/6 sm:w-full xs:w-full 
      xl:h-full lg:h-full md:h-full sm:h-12 xs:h-12"
  >
    <svg
      className="h-5 w-5 absolute ml-6"
      fill="currentColor"
      viewBox="0 0 20 20"
      xmlns="http://www.w3.org/2000/svg"
    >
      <path
        clipRule="evenodd"
        d="M8 4a4 4 0 100 8 4 4 0 000-8zM2 8a6 6 0 1110.89 3.476l4.817 4.817a1 1 0 01-1.414 1.414l-4.816-4.816A6 6 0 012 8z"
        fillRule="evenodd"
      />
    </svg>
    <input
      className="border-none rounded-md text-sm bg-WhiteDark dark:bg-DarkBlue shadow w-full h-full px-16 placeholder-VeryDarkBlueLight dark:placeholder-WhiteDark"
      data-testid="search-input"
      onChange={[Function]}
      placeholder="Search for a vehicle fuelType..."
    />
  </div>
</div>
`;
